> Task :app:preBuild UP-TO-DATE
> Task :app:preDebugBuild UP-TO-DATE
> Task :app:checkKotlinGradlePluginConfigurationErrors SKIPPED
> Task :app:generateDebugBuildConfig UP-TO-DATE
> Task :app:checkDebugAarMetadata UP-TO-DATE
> Task :app:processDebugNavigationResources UP-TO-DATE
> Task :app:compileDebugNavigationResources UP-TO-DATE
> Task :app:generateDebugResValues UP-TO-DATE
> Task :app:mapDebugSourceSetPaths UP-TO-DATE
> Task :app:generateDebugResources UP-TO-DATE
> Task :app:mergeDebugResources UP-TO-DATE
> Task :app:packageDebugResources UP-TO-DATE
> Task :app:parseDebugLocalResources UP-TO-DATE
> Task :app:createDebugCompatibleScreenManifests UP-TO-DATE
> Task :app:extractDeepLinksDebug UP-TO-DATE
> Task :app:processDebugMainManifest UP-TO-DATE
> Task :app:processDebugManifest UP-TO-DATE
> Task :app:processDebugManifestForPackage UP-TO-DATE
> Task :app:processDebugResources UP-TO-DATE
> Task :app:javaPreCompileDebug UP-TO-DATE
> Task :app:preDebugUnitTestBuild UP-TO-DATE
> Task :app:javaPreCompileDebugUnitTest UP-TO-DATE
> Task :app:preReleaseBuild UP-TO-DATE
> Task :app:buildKotlinToolingMetadata UP-TO-DATE
> Task :app:generateReleaseBuildConfig UP-TO-DATE
> Task :app:checkReleaseAarMetadata UP-TO-DATE
> Task :app:processReleaseNavigationResources UP-TO-DATE
> Task :app:compileReleaseNavigationResources UP-TO-DATE
> Task :app:generateReleaseResValues UP-TO-DATE
> Task :app:mapReleaseSourceSetPaths UP-TO-DATE
> Task :app:generateReleaseResources UP-TO-DATE
> Task :app:mergeReleaseResources UP-TO-DATE
> Task :app:packageReleaseResources UP-TO-DATE
> Task :app:parseReleaseLocalResources UP-TO-DATE
> Task :app:createReleaseCompatibleScreenManifests UP-TO-DATE
> Task :app:extractDeepLinksRelease UP-TO-DATE
> Task :app:processReleaseMainManifest UP-TO-DATE
> Task :app:processReleaseManifest UP-TO-DATE
> Task :app:processReleaseManifestForPackage UP-TO-DATE
> Task :app:processReleaseResources UP-TO-DATE
> Task :app:javaPreCompileRelease UP-TO-DATE
> Task :app:preReleaseUnitTestBuild UP-TO-DATE
> Task :app:javaPreCompileReleaseUnitTest UP-TO-DATE

> Task :app:kspReleaseKotlin
w: [ksp] No dependencies reported for generated source com.foodie.app.ui.screens.settings.SettingsViewModel_HiltModules_BindsModule_Binds_LazyMapKey.java which willprevent incremental compilation.
Please file a bug at https://issuetracker.google.com/issues/new?component=413107.
w: [ksp] No dependencies reported for generated source com.foodie.app.ui.screens.settings.SettingsViewModel_HiltModules_KeyModule_Provide_LazyMapKey.java which willprevent incremental compilation.
Please file a bug at https://issuetracker.google.com/issues/new?component=413107.
w: [ksp] No dependencies reported for generated source com.foodie.app.ui.screens.capture.CapturePhotoViewModel_HiltModules_BindsModule_Binds_LazyMapKey.java which willprevent incremental compilation.
Please file a bug at https://issuetracker.google.com/issues/new?component=413107.
w: [ksp] No dependencies reported for generated source com.foodie.app.ui.screens.capture.CapturePhotoViewModel_HiltModules_KeyModule_Provide_LazyMapKey.java which willprevent incremental compilation.
Please file a bug at https://issuetracker.google.com/issues/new?component=413107.
w: [ksp] No dependencies reported for generated source com.foodie.app.ui.screens.meallist.MealListViewModel_HiltModules_BindsModule_Binds_LazyMapKey.java which willprevent incremental compilation.
Please file a bug at https://issuetracker.google.com/issues/new?component=413107.
w: [ksp] No dependencies reported for generated source com.foodie.app.ui.screens.meallist.MealListViewModel_HiltModules_KeyModule_Provide_LazyMapKey.java which willprevent incremental compilation.
Please file a bug at https://issuetracker.google.com/issues/new?component=413107.
w: [ksp] No dependencies reported for generated source com.foodie.app.ui.screens.mealdetail.MealDetailViewModel_HiltModules_BindsModule_Binds_LazyMapKey.java which willprevent incremental compilation.
Please file a bug at https://issuetracker.google.com/issues/new?component=413107.
w: [ksp] No dependencies reported for generated source com.foodie.app.ui.screens.mealdetail.MealDetailViewModel_HiltModules_KeyModule_Provide_LazyMapKey.java which willprevent incremental compilation.
Please file a bug at https://issuetracker.google.com/issues/new?component=413107.
w: [ksp] No dependencies reported for generated source com.foodie.app.ui.screens.onboarding.OnboardingViewModel_HiltModules_BindsModule_Binds_LazyMapKey.java which willprevent incremental compilation.
Please file a bug at https://issuetracker.google.com/issues/new?component=413107.
w: [ksp] No dependencies reported for generated source com.foodie.app.ui.screens.onboarding.OnboardingViewModel_HiltModules_KeyModule_Provide_LazyMapKey.java which willprevent incremental compilation.
Please file a bug at https://issuetracker.google.com/issues/new?component=413107.
w: [ksp] No dependencies reported for generated source com.foodie.app.ui.sample.SampleViewModel_HiltModules_BindsModule_Binds_LazyMapKey.java which willprevent incremental compilation.
Please file a bug at https://issuetracker.google.com/issues/new?component=413107.
w: [ksp] No dependencies reported for generated source com.foodie.app.ui.sample.SampleViewModel_HiltModules_KeyModule_Provide_LazyMapKey.java which willprevent incremental compilation.
Please file a bug at https://issuetracker.google.com/issues/new?component=413107.

> Task :app:kspDebugKotlin
w: [ksp] No dependencies reported for generated source com.foodie.app.ui.screens.settings.SettingsViewModel_HiltModules_BindsModule_Binds_LazyMapKey.java which willprevent incremental compilation.
Please file a bug at https://issuetracker.google.com/issues/new?component=413107.
w: [ksp] No dependencies reported for generated source com.foodie.app.ui.screens.settings.SettingsViewModel_HiltModules_KeyModule_Provide_LazyMapKey.java which willprevent incremental compilation.
Please file a bug at https://issuetracker.google.com/issues/new?component=413107.
w: [ksp] No dependencies reported for generated source com.foodie.app.ui.screens.capture.CapturePhotoViewModel_HiltModules_BindsModule_Binds_LazyMapKey.java which willprevent incremental compilation.
Please file a bug at https://issuetracker.google.com/issues/new?component=413107.
w: [ksp] No dependencies reported for generated source com.foodie.app.ui.screens.capture.CapturePhotoViewModel_HiltModules_KeyModule_Provide_LazyMapKey.java which willprevent incremental compilation.
Please file a bug at https://issuetracker.google.com/issues/new?component=413107.
w: [ksp] No dependencies reported for generated source com.foodie.app.ui.screens.meallist.MealListViewModel_HiltModules_BindsModule_Binds_LazyMapKey.java which willprevent incremental compilation.
Please file a bug at https://issuetracker.google.com/issues/new?component=413107.
w: [ksp] No dependencies reported for generated source com.foodie.app.ui.screens.meallist.MealListViewModel_HiltModules_KeyModule_Provide_LazyMapKey.java which willprevent incremental compilation.
Please file a bug at https://issuetracker.google.com/issues/new?component=413107.
w: [ksp] No dependencies reported for generated source com.foodie.app.ui.screens.mealdetail.MealDetailViewModel_HiltModules_BindsModule_Binds_LazyMapKey.java which willprevent incremental compilation.
Please file a bug at https://issuetracker.google.com/issues/new?component=413107.
w: [ksp] No dependencies reported for generated source com.foodie.app.ui.screens.mealdetail.MealDetailViewModel_HiltModules_KeyModule_Provide_LazyMapKey.java which willprevent incremental compilation.
Please file a bug at https://issuetracker.google.com/issues/new?component=413107.
w: [ksp] No dependencies reported for generated source com.foodie.app.ui.screens.onboarding.OnboardingViewModel_HiltModules_BindsModule_Binds_LazyMapKey.java which willprevent incremental compilation.
Please file a bug at https://issuetracker.google.com/issues/new?component=413107.
w: [ksp] No dependencies reported for generated source com.foodie.app.ui.screens.onboarding.OnboardingViewModel_HiltModules_KeyModule_Provide_LazyMapKey.java which willprevent incremental compilation.
Please file a bug at https://issuetracker.google.com/issues/new?component=413107.
w: [ksp] No dependencies reported for generated source com.foodie.app.ui.sample.SampleViewModel_HiltModules_BindsModule_Binds_LazyMapKey.java which willprevent incremental compilation.
Please file a bug at https://issuetracker.google.com/issues/new?component=413107.
w: [ksp] No dependencies reported for generated source com.foodie.app.ui.sample.SampleViewModel_HiltModules_KeyModule_Provide_LazyMapKey.java which willprevent incremental compilation.
Please file a bug at https://issuetracker.google.com/issues/new?component=413107.

> Task :app:compileReleaseKotlin FAILED
e: file:///Users/jbjornsson/source/foodie/app/app/src/main/java/com/foodie/app/ui/screens/capture/CapturePhotoScreen.kt:89:21 Unresolved reference 'HapticFeedback'.
e: file:///Users/jbjornsson/source/foodie/app/app/src/main/java/com/foodie/app/ui/screens/capture/CapturePhotoScreen.kt:90:14 Unresolved reference 'Context'.
e: file:///Users/jbjornsson/source/foodie/app/app/src/main/java/com/foodie/app/ui/screens/capture/CapturePhotoScreen.kt:119:28 Unresolved reference 'performHapticFeedback'.
e: file:///Users/jbjornsson/source/foodie/app/app/src/main/java/com/foodie/app/ui/screens/capture/CapturePhotoScreen.kt:147:14 Unresolved reference 'Context'.
e: file:///Users/jbjornsson/source/foodie/app/app/src/main/java/com/foodie/app/ui/screens/capture/CapturePhotoScreen.kt:181:14 Unresolved reference 'Context'.
e: file:///Users/jbjornsson/source/foodie/app/app/src/main/java/com/foodie/app/ui/screens/capture/CapturePhotoScreen.kt:263:14 Unresolved reference 'Context'.
e: file:///Users/jbjornsson/source/foodie/app/app/src/main/java/com/foodie/app/ui/screens/capture/CapturePhotoScreen.kt:269:62 Unresolved reference 'packageName'.
e: file:///Users/jbjornsson/source/foodie/app/app/src/main/java/com/foodie/app/ui/screens/capture/CapturePhotoScreen.kt:271:21 Unresolved reference 'startActivity'.
e: file:///Users/jbjornsson/source/foodie/app/app/src/main/java/com/foodie/app/ui/screens/capture/CapturePhotoScreen.kt:294:14 Unresolved reference 'Context'.
e: file:///Users/jbjornsson/source/foodie/app/app/src/main/java/com/foodie/app/ui/screens/capture/CapturePhotoScreen.kt:304:72 Unresolved reference 'Context'.
e: file:///Users/jbjornsson/source/foodie/app/app/src/main/java/com/foodie/app/ui/screens/capture/CapturePhotoScreen.kt:308:57 Unresolved reference 'packageName'.
e: file:///Users/jbjornsson/source/foodie/app/app/src/main/java/com/foodie/app/ui/screens/capture/CapturePhotoScreen.kt:310:21 Unresolved reference 'startActivity'.
e: file:///Users/jbjornsson/source/foodie/app/app/src/main/java/com/foodie/app/ui/screens/meallist/MealListScreen.kt:350:21 Unresolved reference 'LifecycleOwner'.
e: file:///Users/jbjornsson/source/foodie/app/app/src/main/java/com/foodie/app/ui/screens/meallist/MealListScreen.kt:355:24 Unresolved reference 'lifecycle'.

> Task :app:compileDebugKotlin FAILED
e: file:///Users/jbjornsson/source/foodie/app/app/src/main/java/com/foodie/app/ui/screens/capture/CapturePhotoScreen.kt:89:21 Unresolved reference 'HapticFeedback'.
e: file:///Users/jbjornsson/source/foodie/app/app/src/main/java/com/foodie/app/ui/screens/capture/CapturePhotoScreen.kt:90:14 Unresolved reference 'Context'.
e: file:///Users/jbjornsson/source/foodie/app/app/src/main/java/com/foodie/app/ui/screens/capture/CapturePhotoScreen.kt:119:28 Unresolved reference 'performHapticFeedback'.
e: file:///Users/jbjornsson/source/foodie/app/app/src/main/java/com/foodie/app/ui/screens/capture/CapturePhotoScreen.kt:147:14 Unresolved reference 'Context'.
e: file:///Users/jbjornsson/source/foodie/app/app/src/main/java/com/foodie/app/ui/screens/capture/CapturePhotoScreen.kt:181:14 Unresolved reference 'Context'.
e: file:///Users/jbjornsson/source/foodie/app/app/src/main/java/com/foodie/app/ui/screens/capture/CapturePhotoScreen.kt:263:14 Unresolved reference 'Context'.
e: file:///Users/jbjornsson/source/foodie/app/app/src/main/java/com/foodie/app/ui/screens/capture/CapturePhotoScreen.kt:269:62 Unresolved reference 'packageName'.
e: file:///Users/jbjornsson/source/foodie/app/app/src/main/java/com/foodie/app/ui/screens/capture/CapturePhotoScreen.kt:271:21 Unresolved reference 'startActivity'.
e: file:///Users/jbjornsson/source/foodie/app/app/src/main/java/com/foodie/app/ui/screens/capture/CapturePhotoScreen.kt:294:14 Unresolved reference 'Context'.
e: file:///Users/jbjornsson/source/foodie/app/app/src/main/java/com/foodie/app/ui/screens/capture/CapturePhotoScreen.kt:304:72 Unresolved reference 'Context'.
e: file:///Users/jbjornsson/source/foodie/app/app/src/main/java/com/foodie/app/ui/screens/capture/CapturePhotoScreen.kt:308:57 Unresolved reference 'packageName'.
e: file:///Users/jbjornsson/source/foodie/app/app/src/main/java/com/foodie/app/ui/screens/capture/CapturePhotoScreen.kt:310:21 Unresolved reference 'startActivity'.
e: file:///Users/jbjornsson/source/foodie/app/app/src/main/java/com/foodie/app/ui/screens/meallist/MealListScreen.kt:350:21 Unresolved reference 'LifecycleOwner'.
e: file:///Users/jbjornsson/source/foodie/app/app/src/main/java/com/foodie/app/ui/screens/meallist/MealListScreen.kt:355:24 Unresolved reference 'lifecycle'.

FAILURE: Build completed with 2 failures.

1: Task failed with an exception.
-----------
* What went wrong:
Execution failed for task ':app:compileReleaseKotlin'.
> A failure occurred while executing org.jetbrains.kotlin.compilerRunner.GradleCompilerRunnerWithWorkers$GradleKotlinCompilerWorkAction
   > Compilation error. See log for more details

* Try:
> Run with --stacktrace option to get the stack trace.
> Run with --info or --debug option to get more log output.
> Run with --scan to get full insights.
> Get more help at https://help.gradle.org.
==============================================================================

2: Task failed with an exception.
-----------
* What went wrong:
Execution failed for task ':app:compileDebugKotlin'.
> A failure occurred while executing org.jetbrains.kotlin.compilerRunner.GradleCompilerRunnerWithWorkers$GradleKotlinCompilerWorkAction
   > Compilation error. See log for more details

* Try:
> Run with --stacktrace option to get the stack trace.
> Run with --info or --debug option to get more log output.
> Run with --scan to get full insights.
> Get more help at https://help.gradle.org.
==============================================================================

BUILD FAILED in 5s
41 actionable tasks: 4 executed, 37 up-to-date
